// Jest Snapshot v1, https://goo.gl/fbAQLP

exports[`PostFooterOptions renders correctly 1`] = `
<div
  className="options"
>
  <a
    href="https://mobile.twitter.com/search?q=http://localhostundefined"
    target="_blank"
  >
    Discuss on Twitter
  </a>
</div>
`;
