// Jest Snapshot v1, https://goo.gl/fbAQLP

exports[`Post renders correctly 1`] = `
<div
  className="post"
>
  <a
    className="post__home-button"
    href="/"
  >
    All Articles
  </a>
  <div
    className="post__content"
  >
    <div
      className="content"
    >
      <h1
        className="content__title"
      >
        test
      </h1>
      <div
        className="content__body"
        dangerouslySetInnerHTML={
          Object {
            "__html": "<p>test</p>",
          }
        }
      />
    </div>
  </div>
  <div
    className="post__footer"
  >
    <div
      className="meta"
    >
      <p
        className="meta__date"
      >
        Published 
        1 Sep 2016
      </p>
    </div>
    <div
      className="tags"
    >
      <ul
        className="tags__list"
      >
        <li
          className="tags__list-item"
        >
          <a
            className="tags__list-item-link"
            href="/test_0"
          >
            test_0
          </a>
        </li>
        <li
          className="tags__list-item"
        >
          <a
            className="tags__list-item-link"
            href="/test_1"
          >
            test_1
          </a>
        </li>
      </ul>
    </div>
    <div
      className="options"
    >
      <a
        href="https://mobile.twitter.com/search?q=http://localhost/test"
        target="_blank"
      >
        Discuss on Twitter
      </a>
       â€¢ 
      <a
        href="https://github.com/saurabh-misra/saurabhmisra.dev/edit/master/content/test/2016-09-01---undefined.md"
        target="_blank"
      >
        Edit Post on Github
      </a>
      <br />
      <br />
      <div>
        <div
          id="mc_embed_signup"
          style={
            Object {
              "backgroundColor": "aliceblue",
            }
          }
        >
          <form
            action="https://gmail.us20.list-manage.com/subscribe/post?u=f7543eb65315caae2cfccc9e1&id=7e935aba1d"
            className="validate"
            id="mc-embedded-subscribe-form"
            method="post"
            name="mc-embedded-subscribe-form"
            noValidate=""
            target="_blank"
          >
            <div
              id="mc_embed_signup_scroll"
            >
              <h2>
                Join the Newsletter
              </h2>
              <div
                className="mc-field-group"
              >
                <label
                  htmlFor="mce-FNAME"
                >
                  First Name 
                </label>
                <input
                  className="required"
                  defaultValue=""
                  id="mce-FNAME"
                  name="FNAME"
                  type="text"
                />
              </div>
              <div
                className="mc-field-group"
              >
                <label
                  htmlFor="mce-EMAIL"
                >
                  Email Address 
                </label>
                <input
                  className="required email"
                  defaultValue=""
                  id="mce-EMAIL"
                  name="EMAIL"
                  type="email"
                />
              </div>
              <div
                className="clear"
                id="mce-responses"
                style={
                  Object {
                    "marginLeft": 0,
                    "paddingLeft": 0,
                  }
                }
              >
                <div
                  className="response"
                  id="mce-error-response"
                  style={
                    Object {
                      "display": "none",
                    }
                  }
                />
                <div
                  className="response"
                  id="mce-success-response"
                  style={
                    Object {
                      "display": "none",
                    }
                  }
                />
              </div>
               
              <div
                aria-hidden="true"
                style={
                  Object {
                    "left": -5000,
                    "position": "absolute",
                  }
                }
              >
                <input
                  defaultValue=""
                  name="b_f7543eb65315caae2cfccc9e1_7e935aba1d"
                  tabIndex="-1"
                  type="text"
                />
              </div>
              <div
                className="clear"
              >
                <input
                  className="button"
                  id="mc-embedded-subscribe"
                  name="subscribe"
                  style={
                    Object {
                      "backgroundColor": "#f7a046",
                    }
                  }
                  type="submit"
                  value="Subscribe"
                />
              </div>
            </div>
          </form>
        </div>
      </div>
    </div>
    <div
      className="author"
    >
      <p
        className="author__bio"
      >
        Test bio
        <a
          className="author__bio-twitter"
          href="https://www.twitter.com/#"
          rel="noopener noreferrer"
          target="_blank"
        >
          <strong>
            Test name
          </strong>
           on Twitter
        </a>
      </p>
    </div>
  </div>
  <div
    className="post__comments"
  />
</div>
`;
